Loading dataset 'flickr30k_hf' split 'test'
Loaded 2000 examples
Prepared 2000 images and 10000 captions
Encoding images 1-32/2000
Encoding images 33-64/2000
Encoding images 65-96/2000
Encoding images 97-128/2000
Encoding images 129-160/2000
Encoding images 161-192/2000
Encoding images 193-224/2000
Encoding images 225-256/2000
Encoding images 257-288/2000
Encoding images 289-320/2000
Encoding images 321-352/2000
Encoding images 353-384/2000
Encoding images 385-416/2000
Encoding images 417-448/2000
Encoding images 449-480/2000
Encoding images 481-512/2000
Encoding images 513-544/2000
Encoding images 545-576/2000
Encoding images 577-608/2000
Encoding images 609-640/2000
Encoding images 641-672/2000
Encoding images 673-704/2000
Encoding images 705-736/2000
Encoding images 737-768/2000
Encoding images 769-800/2000
Encoding images 801-832/2000
Encoding images 833-864/2000
Encoding images 865-896/2000
Encoding images 897-928/2000
Encoding images 929-960/2000
Encoding images 961-992/2000
Encoding images 993-1024/2000
Encoding images 1025-1056/2000
Encoding images 1057-1088/2000
Encoding images 1089-1120/2000
Encoding images 1121-1152/2000
Encoding images 1153-1184/2000
Encoding images 1185-1216/2000
Encoding images 1217-1248/2000
Encoding images 1249-1280/2000
Encoding images 1281-1312/2000
Encoding images 1313-1344/2000
Encoding images 1345-1376/2000
Encoding images 1377-1408/2000
Encoding images 1409-1440/2000
Encoding images 1441-1472/2000
Encoding images 1473-1504/2000
Encoding images 1505-1536/2000
Encoding images 1537-1568/2000
Encoding images 1569-1600/2000
Encoding images 1601-1632/2000
Encoding images 1633-1664/2000
Encoding images 1665-1696/2000
Encoding images 1697-1728/2000
Encoding images 1729-1760/2000
Encoding images 1761-1792/2000
Encoding images 1793-1824/2000
Encoding images 1825-1856/2000
Encoding images 1857-1888/2000
Encoding images 1889-1920/2000
Encoding images 1921-1952/2000
Encoding images 1953-1984/2000
Encoding images 1985-2000/2000
Encoding texts 1-32/20000
Encoding texts 33-64/20000
Encoding texts 65-96/20000
Encoding texts 97-128/20000
Encoding texts 129-160/20000
Encoding texts 161-192/20000
Encoding texts 193-224/20000
Encoding texts 225-256/20000
Encoding texts 257-288/20000
Encoding texts 289-320/20000
Encoding texts 321-352/20000
Encoding texts 353-384/20000
Encoding texts 385-416/20000
Encoding texts 417-448/20000
Encoding texts 449-480/20000
Encoding texts 481-512/20000
Encoding texts 513-544/20000
Encoding texts 545-576/20000
Encoding texts 577-608/20000
Encoding texts 609-640/20000
Encoding texts 641-672/20000
Encoding texts 673-704/20000
Encoding texts 705-736/20000
Encoding texts 737-768/20000
Encoding texts 769-800/20000
Encoding texts 801-832/20000
Encoding texts 833-864/20000
Encoding texts 865-896/20000
Encoding texts 897-928/20000
Encoding texts 929-960/20000
Encoding texts 961-992/20000
Encoding texts 993-1024/20000
Encoding texts 1025-1056/20000
Encoding texts 1057-1088/20000
Encoding texts 1089-1120/20000
Encoding texts 1121-1152/20000
Encoding texts 1153-1184/20000
Encoding texts 1185-1216/20000
Encoding texts 1217-1248/20000
Encoding texts 1249-1280/20000
Encoding texts 1281-1312/20000
Encoding texts 1313-1344/20000
Encoding texts 1345-1376/20000
Encoding texts 1377-1408/20000
Encoding texts 1409-1440/20000
Encoding texts 1441-1472/20000
Encoding texts 1473-1504/20000
Encoding texts 1505-1536/20000
Encoding texts 1537-1568/20000
Encoding texts 1569-1600/20000
Encoding texts 1601-1632/20000
Encoding texts 1633-1664/20000
Encoding texts 1665-1696/20000
Encoding texts 1697-1728/20000
Encoding texts 1729-1760/20000
Encoding texts 1761-1792/20000
Encoding texts 1793-1824/20000
Encoding texts 1825-1856/20000
Encoding texts 1857-1888/20000
Encoding texts 1889-1920/20000
Encoding texts 1921-1952/20000
Encoding texts 1953-1984/20000
Encoding texts 1985-2016/20000
Encoding texts 2017-2048/20000
Encoding texts 2049-2080/20000
Encoding texts 2081-2112/20000
Encoding texts 2113-2144/20000
Encoding texts 2145-2176/20000
Encoding texts 2177-2208/20000
Encoding texts 2209-2240/20000
Encoding texts 2241-2272/20000
Encoding texts 2273-2304/20000
Encoding texts 2305-2336/20000
Encoding texts 2337-2368/20000
Encoding texts 2369-2400/20000
Encoding texts 2401-2432/20000
Encoding texts 2433-2464/20000
Encoding texts 2465-2496/20000
Encoding texts 2497-2528/20000
Encoding texts 2529-2560/20000
Encoding texts 2561-2592/20000
Encoding texts 2593-2624/20000
Encoding texts 2625-2656/20000
Encoding texts 2657-2688/20000
Encoding texts 2689-2720/20000
Encoding texts 2721-2752/20000
Encoding texts 2753-2784/20000
Encoding texts 2785-2816/20000
Encoding texts 2817-2848/20000
Encoding texts 2849-2880/20000
Encoding texts 2881-2912/20000
Encoding texts 2913-2944/20000
Encoding texts 2945-2976/20000
Encoding texts 2977-3008/20000
Encoding texts 3009-3040/20000
Encoding texts 3041-3072/20000
Encoding texts 3073-3104/20000
Encoding texts 3105-3136/20000
Encoding texts 3137-3168/20000
Encoding texts 3169-3200/20000
Encoding texts 3201-3232/20000
Encoding texts 3233-3264/20000
Encoding texts 3265-3296/20000
Encoding texts 3297-3328/20000
Encoding texts 3329-3360/20000
Encoding texts 3361-3392/20000
Encoding texts 3393-3424/20000
Encoding texts 3425-3456/20000
Encoding texts 3457-3488/20000
Encoding texts 3489-3520/20000
Encoding texts 3521-3552/20000
Encoding texts 3553-3584/20000
Encoding texts 3585-3616/20000
Encoding texts 3617-3648/20000
Encoding texts 3649-3680/20000
Encoding texts 3681-3712/20000
Encoding texts 3713-3744/20000
Encoding texts 3745-3776/20000
Encoding texts 3777-3808/20000
Encoding texts 3809-3840/20000
Encoding texts 3841-3872/20000
Encoding texts 3873-3904/20000
Encoding texts 3905-3936/20000
Encoding texts 3937-3968/20000
Encoding texts 3969-4000/20000
Encoding texts 4001-4032/20000
Encoding texts 4033-4064/20000
Encoding texts 4065-4096/20000
Encoding texts 4097-4128/20000
Encoding texts 4129-4160/20000
Encoding texts 4161-4192/20000
Encoding texts 4193-4224/20000
Encoding texts 4225-4256/20000
Encoding texts 4257-4288/20000
Encoding texts 4289-4320/20000
Encoding texts 4321-4352/20000
Encoding texts 4353-4384/20000
Encoding texts 4385-4416/20000
Encoding texts 4417-4448/20000
Encoding texts 4449-4480/20000
Encoding texts 4481-4512/20000
Encoding texts 4513-4544/20000
Encoding texts 4545-4576/20000
Encoding texts 4577-4608/20000
Encoding texts 4609-4640/20000
Encoding texts 4641-4672/20000
Encoding texts 4673-4704/20000
Encoding texts 4705-4736/20000
Encoding texts 4737-4768/20000
Encoding texts 4769-4800/20000
Encoding texts 4801-4832/20000
Encoding texts 4833-4864/20000
Encoding texts 4865-4896/20000
Encoding texts 4897-4928/20000
Encoding texts 4929-4960/20000
Encoding texts 4961-4992/20000
Encoding texts 4993-5024/20000
Encoding texts 5025-5056/20000
Encoding texts 5057-5088/20000
Encoding texts 5089-5120/20000
Encoding texts 5121-5152/20000
Encoding texts 5153-5184/20000
Encoding texts 5185-5216/20000
Encoding texts 5217-5248/20000
Encoding texts 5249-5280/20000
Encoding texts 5281-5312/20000
Encoding texts 5313-5344/20000
Encoding texts 5345-5376/20000
Encoding texts 5377-5408/20000
Encoding texts 5409-5440/20000
Encoding texts 5441-5472/20000
Encoding texts 5473-5504/20000
Encoding texts 5505-5536/20000
Encoding texts 5537-5568/20000
Encoding texts 5569-5600/20000
Encoding texts 5601-5632/20000
Encoding texts 5633-5664/20000
Encoding texts 5665-5696/20000
Encoding texts 5697-5728/20000
Encoding texts 5729-5760/20000
Encoding texts 5761-5792/20000
Encoding texts 5793-5824/20000
Encoding texts 5825-5856/20000
Encoding texts 5857-5888/20000
Encoding texts 5889-5920/20000
Encoding texts 5921-5952/20000
Encoding texts 5953-5984/20000
Encoding texts 5985-6016/20000
Encoding texts 6017-6048/20000
Encoding texts 6049-6080/20000
Encoding texts 6081-6112/20000
Encoding texts 6113-6144/20000
Encoding texts 6145-6176/20000
Encoding texts 6177-6208/20000
Encoding texts 6209-6240/20000
Encoding texts 6241-6272/20000
Encoding texts 6273-6304/20000
Encoding texts 6305-6336/20000
Encoding texts 6337-6368/20000
Encoding texts 6369-6400/20000
Encoding texts 6401-6432/20000
Encoding texts 6433-6464/20000
Encoding texts 6465-6496/20000
Encoding texts 6497-6528/20000
Encoding texts 6529-6560/20000
Encoding texts 6561-6592/20000
Encoding texts 6593-6624/20000
Encoding texts 6625-6656/20000
Encoding texts 6657-6688/20000
Encoding texts 6689-6720/20000
Encoding texts 6721-6752/20000
Encoding texts 6753-6784/20000
Encoding texts 6785-6816/20000
Encoding texts 6817-6848/20000
Encoding texts 6849-6880/20000
Encoding texts 6881-6912/20000
Encoding texts 6913-6944/20000
Encoding texts 6945-6976/20000
Encoding texts 6977-7008/20000
Encoding texts 7009-7040/20000
Encoding texts 7041-7072/20000
Encoding texts 7073-7104/20000
Encoding texts 7105-7136/20000
Encoding texts 7137-7168/20000
Encoding texts 7169-7200/20000
Encoding texts 7201-7232/20000
Encoding texts 7233-7264/20000
Encoding texts 7265-7296/20000
Encoding texts 7297-7328/20000
Encoding texts 7329-7360/20000
Encoding texts 7361-7392/20000
Encoding texts 7393-7424/20000
Encoding texts 7425-7456/20000
Encoding texts 7457-7488/20000
Encoding texts 7489-7520/20000
Encoding texts 7521-7552/20000
Encoding texts 7553-7584/20000
Encoding texts 7585-7616/20000
Encoding texts 7617-7648/20000
Encoding texts 7649-7680/20000
Encoding texts 7681-7712/20000
Encoding texts 7713-7744/20000
Encoding texts 7745-7776/20000
Encoding texts 7777-7808/20000
Encoding texts 7809-7840/20000
Encoding texts 7841-7872/20000
Encoding texts 7873-7904/20000
Encoding texts 7905-7936/20000
Encoding texts 7937-7968/20000
Encoding texts 7969-8000/20000
Encoding texts 8001-8032/20000
Encoding texts 8033-8064/20000
Encoding texts 8065-8096/20000
Encoding texts 8097-8128/20000
Encoding texts 8129-8160/20000
Encoding texts 8161-8192/20000
Encoding texts 8193-8224/20000
Encoding texts 8225-8256/20000
Encoding texts 8257-8288/20000
Encoding texts 8289-8320/20000
Encoding texts 8321-8352/20000
Encoding texts 8353-8384/20000
Encoding texts 8385-8416/20000
Encoding texts 8417-8448/20000
Encoding texts 8449-8480/20000
Encoding texts 8481-8512/20000
Encoding texts 8513-8544/20000
Encoding texts 8545-8576/20000
Encoding texts 8577-8608/20000
Encoding texts 8609-8640/20000
Encoding texts 8641-8672/20000
Encoding texts 8673-8704/20000
Encoding texts 8705-8736/20000
Encoding texts 8737-8768/20000
Encoding texts 8769-8800/20000
Encoding texts 8801-8832/20000
Encoding texts 8833-8864/20000
Encoding texts 8865-8896/20000
Encoding texts 8897-8928/20000
Encoding texts 8929-8960/20000
Encoding texts 8961-8992/20000
Encoding texts 8993-9024/20000
Encoding texts 9025-9056/20000
Encoding texts 9057-9088/20000
Encoding texts 9089-9120/20000
Encoding texts 9121-9152/20000
Encoding texts 9153-9184/20000
Encoding texts 9185-9216/20000
Encoding texts 9217-9248/20000
Encoding texts 9249-9280/20000
Encoding texts 9281-9312/20000
Encoding texts 9313-9344/20000
Encoding texts 9345-9376/20000
Encoding texts 9377-9408/20000
Encoding texts 9409-9440/20000
Encoding texts 9441-9472/20000
Encoding texts 9473-9504/20000
Encoding texts 9505-9536/20000
Encoding texts 9537-9568/20000
Encoding texts 9569-9600/20000
Encoding texts 9601-9632/20000
Encoding texts 9633-9664/20000
Encoding texts 9665-9696/20000
Encoding texts 9697-9728/20000
Encoding texts 9729-9760/20000
Encoding texts 9761-9792/20000
Encoding texts 9793-9824/20000
Encoding texts 9825-9856/20000
Encoding texts 9857-9888/20000
Encoding texts 9889-9920/20000
Encoding texts 9921-9952/20000
Encoding texts 9953-9984/20000
Encoding texts 9985-10016/20000
Encoding texts 10017-10048/20000
Encoding texts 10049-10080/20000
Encoding texts 10081-10112/20000
Encoding texts 10113-10144/20000
Encoding texts 10145-10176/20000
Encoding texts 10177-10208/20000
Encoding texts 10209-10240/20000
Encoding texts 10241-10272/20000
Encoding texts 10273-10304/20000
Encoding texts 10305-10336/20000
Encoding texts 10337-10368/20000
Encoding texts 10369-10400/20000
Encoding texts 10401-10432/20000
Encoding texts 10433-10464/20000
Encoding texts 10465-10496/20000
Encoding texts 10497-10528/20000
Encoding texts 10529-10560/20000
Encoding texts 10561-10592/20000
Encoding texts 10593-10624/20000
Encoding texts 10625-10656/20000
Encoding texts 10657-10688/20000
Encoding texts 10689-10720/20000
Encoding texts 10721-10752/20000
Encoding texts 10753-10784/20000
Encoding texts 10785-10816/20000
Encoding texts 10817-10848/20000
Encoding texts 10849-10880/20000
Encoding texts 10881-10912/20000
Encoding texts 10913-10944/20000
Encoding texts 10945-10976/20000
Encoding texts 10977-11008/20000
Encoding texts 11009-11040/20000
Encoding texts 11041-11072/20000
Encoding texts 11073-11104/20000
Encoding texts 11105-11136/20000
Encoding texts 11137-11168/20000
Encoding texts 11169-11200/20000
Encoding texts 11201-11232/20000
Encoding texts 11233-11264/20000
Encoding texts 11265-11296/20000
Encoding texts 11297-11328/20000
Encoding texts 11329-11360/20000
Encoding texts 11361-11392/20000
Encoding texts 11393-11424/20000
Encoding texts 11425-11456/20000
Encoding texts 11457-11488/20000
Encoding texts 11489-11520/20000
Encoding texts 11521-11552/20000
Encoding texts 11553-11584/20000
Encoding texts 11585-11616/20000
Encoding texts 11617-11648/20000
Encoding texts 11649-11680/20000
Encoding texts 11681-11712/20000
Encoding texts 11713-11744/20000
Encoding texts 11745-11776/20000
Encoding texts 11777-11808/20000
Encoding texts 11809-11840/20000
Encoding texts 11841-11872/20000
Encoding texts 11873-11904/20000
Encoding texts 11905-11936/20000
Encoding texts 11937-11968/20000
Encoding texts 11969-12000/20000
Encoding texts 12001-12032/20000
Encoding texts 12033-12064/20000
Encoding texts 12065-12096/20000
Encoding texts 12097-12128/20000
Encoding texts 12129-12160/20000
Encoding texts 12161-12192/20000
Encoding texts 12193-12224/20000
Encoding texts 12225-12256/20000
Encoding texts 12257-12288/20000
Encoding texts 12289-12320/20000
Encoding texts 12321-12352/20000
Encoding texts 12353-12384/20000
Encoding texts 12385-12416/20000
Encoding texts 12417-12448/20000
Encoding texts 12449-12480/20000
Encoding texts 12481-12512/20000
Encoding texts 12513-12544/20000
Encoding texts 12545-12576/20000
Encoding texts 12577-12608/20000
Encoding texts 12609-12640/20000
Encoding texts 12641-12672/20000
Encoding texts 12673-12704/20000
Encoding texts 12705-12736/20000
Encoding texts 12737-12768/20000
Encoding texts 12769-12800/20000
Encoding texts 12801-12832/20000
Encoding texts 12833-12864/20000
Encoding texts 12865-12896/20000
Encoding texts 12897-12928/20000
Encoding texts 12929-12960/20000
Encoding texts 12961-12992/20000
Encoding texts 12993-13024/20000
Encoding texts 13025-13056/20000
Encoding texts 13057-13088/20000
Encoding texts 13089-13120/20000
Encoding texts 13121-13152/20000
Encoding texts 13153-13184/20000
Encoding texts 13185-13216/20000
Encoding texts 13217-13248/20000
Encoding texts 13249-13280/20000
Encoding texts 13281-13312/20000
Encoding texts 13313-13344/20000
Encoding texts 13345-13376/20000
Encoding texts 13377-13408/20000
Encoding texts 13409-13440/20000
Encoding texts 13441-13472/20000
Encoding texts 13473-13504/20000
Encoding texts 13505-13536/20000
Encoding texts 13537-13568/20000
Encoding texts 13569-13600/20000
Encoding texts 13601-13632/20000
Encoding texts 13633-13664/20000
Encoding texts 13665-13696/20000
Encoding texts 13697-13728/20000
Encoding texts 13729-13760/20000
Encoding texts 13761-13792/20000
Encoding texts 13793-13824/20000
Encoding texts 13825-13856/20000
Encoding texts 13857-13888/20000
Encoding texts 13889-13920/20000
Encoding texts 13921-13952/20000
Encoding texts 13953-13984/20000
Encoding texts 13985-14016/20000
Encoding texts 14017-14048/20000
Encoding texts 14049-14080/20000
Encoding texts 14081-14112/20000
Encoding texts 14113-14144/20000
Encoding texts 14145-14176/20000
Encoding texts 14177-14208/20000
Encoding texts 14209-14240/20000
Encoding texts 14241-14272/20000
Encoding texts 14273-14304/20000
Encoding texts 14305-14336/20000
Encoding texts 14337-14368/20000
Encoding texts 14369-14400/20000
Encoding texts 14401-14432/20000
Encoding texts 14433-14464/20000
Encoding texts 14465-14496/20000
Encoding texts 14497-14528/20000
Encoding texts 14529-14560/20000
Encoding texts 14561-14592/20000
Encoding texts 14593-14624/20000
Encoding texts 14625-14656/20000
Encoding texts 14657-14688/20000
Encoding texts 14689-14720/20000
Encoding texts 14721-14752/20000
Encoding texts 14753-14784/20000
Encoding texts 14785-14816/20000
Encoding texts 14817-14848/20000
Encoding texts 14849-14880/20000
Encoding texts 14881-14912/20000
Encoding texts 14913-14944/20000
Encoding texts 14945-14976/20000
Encoding texts 14977-15008/20000
Encoding texts 15009-15040/20000
Encoding texts 15041-15072/20000
Encoding texts 15073-15104/20000
Encoding texts 15105-15136/20000
Encoding texts 15137-15168/20000
Encoding texts 15169-15200/20000
Encoding texts 15201-15232/20000
Encoding texts 15233-15264/20000
Encoding texts 15265-15296/20000
Encoding texts 15297-15328/20000
Encoding texts 15329-15360/20000
Encoding texts 15361-15392/20000
Encoding texts 15393-15424/20000
Encoding texts 15425-15456/20000
Encoding texts 15457-15488/20000
Encoding texts 15489-15520/20000
Encoding texts 15521-15552/20000
Encoding texts 15553-15584/20000
Encoding texts 15585-15616/20000
Encoding texts 15617-15648/20000
Encoding texts 15649-15680/20000
Encoding texts 15681-15712/20000
Encoding texts 15713-15744/20000
Encoding texts 15745-15776/20000
Encoding texts 15777-15808/20000
Encoding texts 15809-15840/20000
Encoding texts 15841-15872/20000
Encoding texts 15873-15904/20000
Encoding texts 15905-15936/20000
Encoding texts 15937-15968/20000
Encoding texts 15969-16000/20000
Encoding texts 16001-16032/20000
Encoding texts 16033-16064/20000
Encoding texts 16065-16096/20000
Encoding texts 16097-16128/20000
Encoding texts 16129-16160/20000
Encoding texts 16161-16192/20000
Encoding texts 16193-16224/20000
Encoding texts 16225-16256/20000
Encoding texts 16257-16288/20000
Encoding texts 16289-16320/20000
Encoding texts 16321-16352/20000
Encoding texts 16353-16384/20000
Encoding texts 16385-16416/20000
Encoding texts 16417-16448/20000
Encoding texts 16449-16480/20000
Encoding texts 16481-16512/20000
Encoding texts 16513-16544/20000
Encoding texts 16545-16576/20000
Encoding texts 16577-16608/20000
Encoding texts 16609-16640/20000
Encoding texts 16641-16672/20000
Encoding texts 16673-16704/20000
Encoding texts 16705-16736/20000
Encoding texts 16737-16768/20000
Encoding texts 16769-16800/20000
Encoding texts 16801-16832/20000
Encoding texts 16833-16864/20000
Encoding texts 16865-16896/20000
Encoding texts 16897-16928/20000
Encoding texts 16929-16960/20000
Encoding texts 16961-16992/20000
Encoding texts 16993-17024/20000
Encoding texts 17025-17056/20000
Encoding texts 17057-17088/20000
Encoding texts 17089-17120/20000
Encoding texts 17121-17152/20000
Encoding texts 17153-17184/20000
Encoding texts 17185-17216/20000
Encoding texts 17217-17248/20000
Encoding texts 17249-17280/20000
Encoding texts 17281-17312/20000
Encoding texts 17313-17344/20000
Encoding texts 17345-17376/20000
Encoding texts 17377-17408/20000
Encoding texts 17409-17440/20000
Encoding texts 17441-17472/20000
Encoding texts 17473-17504/20000
Encoding texts 17505-17536/20000
Encoding texts 17537-17568/20000
Encoding texts 17569-17600/20000
Encoding texts 17601-17632/20000
Encoding texts 17633-17664/20000
Encoding texts 17665-17696/20000
Encoding texts 17697-17728/20000
Encoding texts 17729-17760/20000
Encoding texts 17761-17792/20000
Encoding texts 17793-17824/20000
Encoding texts 17825-17856/20000
Encoding texts 17857-17888/20000
Encoding texts 17889-17920/20000
Encoding texts 17921-17952/20000
Encoding texts 17953-17984/20000
Encoding texts 17985-18016/20000
Encoding texts 18017-18048/20000
Encoding texts 18049-18080/20000
Encoding texts 18081-18112/20000
Encoding texts 18113-18144/20000
Encoding texts 18145-18176/20000
Encoding texts 18177-18208/20000
Encoding texts 18209-18240/20000
Encoding texts 18241-18272/20000
Encoding texts 18273-18304/20000
Encoding texts 18305-18336/20000
Encoding texts 18337-18368/20000
Encoding texts 18369-18400/20000
Encoding texts 18401-18432/20000
Encoding texts 18433-18464/20000
Encoding texts 18465-18496/20000
Encoding texts 18497-18528/20000
Encoding texts 18529-18560/20000
Encoding texts 18561-18592/20000
Encoding texts 18593-18624/20000
Encoding texts 18625-18656/20000
Encoding texts 18657-18688/20000
Encoding texts 18689-18720/20000
Encoding texts 18721-18752/20000
Encoding texts 18753-18784/20000
Encoding texts 18785-18816/20000
Encoding texts 18817-18848/20000
Encoding texts 18849-18880/20000
Encoding texts 18881-18912/20000
Encoding texts 18913-18944/20000
Encoding texts 18945-18976/20000
Encoding texts 18977-19008/20000
Encoding texts 19009-19040/20000
Encoding texts 19041-19072/20000
Encoding texts 19073-19104/20000
Encoding texts 19105-19136/20000
Encoding texts 19137-19168/20000
Encoding texts 19169-19200/20000
Encoding texts 19201-19232/20000
Encoding texts 19233-19264/20000
Encoding texts 19265-19296/20000
Encoding texts 19297-19328/20000
Encoding texts 19329-19360/20000
Encoding texts 19361-19392/20000
Encoding texts 19393-19424/20000
Encoding texts 19425-19456/20000
Encoding texts 19457-19488/20000
Encoding texts 19489-19520/20000
Encoding texts 19521-19552/20000
Encoding texts 19553-19584/20000
Encoding texts 19585-19616/20000
Encoding texts 19617-19648/20000
Encoding texts 19649-19680/20000
Encoding texts 19681-19712/20000
Encoding texts 19713-19744/20000
Encoding texts 19745-19776/20000
Encoding texts 19777-19808/20000
Encoding texts 19809-19840/20000
Encoding texts 19841-19872/20000
Encoding texts 19873-19904/20000
Encoding texts 19905-19936/20000
Encoding texts 19937-19968/20000
Encoding texts 19969-20000/20000
Computed similarity matrix
{
  "metrics": {
    "image_to_text_r1": 0.7335,
    "image_to_text_r5": 0.9275,
    "image_to_text_r10": 0.963,
    "text_to_image_r1": 0.4889,
    "text_to_image_r5": 0.7591,
    "text_to_image_r10": 0.841
  },
  "num_images": 2000,
  "num_captions": 10000,
  "output_dir": "outputs\\prompt_detailed_2000",
  "num_failures": 5111
}
