Loading dataset 'flickr30k_hf' split 'test'
Loaded 2000 examples
Prepared 2000 images and 10000 captions
Encoding images 1-32/2000
Encoding images 33-64/2000
Encoding images 65-96/2000
Encoding images 97-128/2000
Encoding images 129-160/2000
Encoding images 161-192/2000
Encoding images 193-224/2000
Encoding images 225-256/2000
Encoding images 257-288/2000
Encoding images 289-320/2000
Encoding images 321-352/2000
Encoding images 353-384/2000
Encoding images 385-416/2000
Encoding images 417-448/2000
Encoding images 449-480/2000
Encoding images 481-512/2000
Encoding images 513-544/2000
Encoding images 545-576/2000
Encoding images 577-608/2000
Encoding images 609-640/2000
Encoding images 641-672/2000
Encoding images 673-704/2000
Encoding images 705-736/2000
Encoding images 737-768/2000
Encoding images 769-800/2000
Encoding images 801-832/2000
Encoding images 833-864/2000
Encoding images 865-896/2000
Encoding images 897-928/2000
Encoding images 929-960/2000
Encoding images 961-992/2000
Encoding images 993-1024/2000
Encoding images 1025-1056/2000
Encoding images 1057-1088/2000
Encoding images 1089-1120/2000
Encoding images 1121-1152/2000
Encoding images 1153-1184/2000
Encoding images 1185-1216/2000
Encoding images 1217-1248/2000
Encoding images 1249-1280/2000
Encoding images 1281-1312/2000
Encoding images 1313-1344/2000
Encoding images 1345-1376/2000
Encoding images 1377-1408/2000
Encoding images 1409-1440/2000
Encoding images 1441-1472/2000
Encoding images 1473-1504/2000
Encoding images 1505-1536/2000
Encoding images 1537-1568/2000
Encoding images 1569-1600/2000
Encoding images 1601-1632/2000
Encoding images 1633-1664/2000
Encoding images 1665-1696/2000
Encoding images 1697-1728/2000
Encoding images 1729-1760/2000
Encoding images 1761-1792/2000
Encoding images 1793-1824/2000
Encoding images 1825-1856/2000
Encoding images 1857-1888/2000
Encoding images 1889-1920/2000
Encoding images 1921-1952/2000
Encoding images 1953-1984/2000
Encoding images 1985-2000/2000
Encoding texts 1-32/10000
Encoding texts 33-64/10000
Encoding texts 65-96/10000
Encoding texts 97-128/10000
Encoding texts 129-160/10000
Encoding texts 161-192/10000
Encoding texts 193-224/10000
Encoding texts 225-256/10000
Encoding texts 257-288/10000
Encoding texts 289-320/10000
Encoding texts 321-352/10000
Encoding texts 353-384/10000
Encoding texts 385-416/10000
Encoding texts 417-448/10000
Encoding texts 449-480/10000
Encoding texts 481-512/10000
Encoding texts 513-544/10000
Encoding texts 545-576/10000
Encoding texts 577-608/10000
Encoding texts 609-640/10000
Encoding texts 641-672/10000
Encoding texts 673-704/10000
Encoding texts 705-736/10000
Encoding texts 737-768/10000
Encoding texts 769-800/10000
Encoding texts 801-832/10000
Encoding texts 833-864/10000
Encoding texts 865-896/10000
Encoding texts 897-928/10000
Encoding texts 929-960/10000
Encoding texts 961-992/10000
Encoding texts 993-1024/10000
Encoding texts 1025-1056/10000
Encoding texts 1057-1088/10000
Encoding texts 1089-1120/10000
Encoding texts 1121-1152/10000
Encoding texts 1153-1184/10000
Encoding texts 1185-1216/10000
Encoding texts 1217-1248/10000
Encoding texts 1249-1280/10000
Encoding texts 1281-1312/10000
Encoding texts 1313-1344/10000
Encoding texts 1345-1376/10000
Encoding texts 1377-1408/10000
Encoding texts 1409-1440/10000
Encoding texts 1441-1472/10000
Encoding texts 1473-1504/10000
Encoding texts 1505-1536/10000
Encoding texts 1537-1568/10000
Encoding texts 1569-1600/10000
Encoding texts 1601-1632/10000
Encoding texts 1633-1664/10000
Encoding texts 1665-1696/10000
Encoding texts 1697-1728/10000
Encoding texts 1729-1760/10000
Encoding texts 1761-1792/10000
Encoding texts 1793-1824/10000
Encoding texts 1825-1856/10000
Encoding texts 1857-1888/10000
Encoding texts 1889-1920/10000
Encoding texts 1921-1952/10000
Encoding texts 1953-1984/10000
Encoding texts 1985-2016/10000
Encoding texts 2017-2048/10000
Encoding texts 2049-2080/10000
Encoding texts 2081-2112/10000
Encoding texts 2113-2144/10000
Encoding texts 2145-2176/10000
Encoding texts 2177-2208/10000
Encoding texts 2209-2240/10000
Encoding texts 2241-2272/10000
Encoding texts 2273-2304/10000
Encoding texts 2305-2336/10000
Encoding texts 2337-2368/10000
Encoding texts 2369-2400/10000
Encoding texts 2401-2432/10000
Encoding texts 2433-2464/10000
Encoding texts 2465-2496/10000
Encoding texts 2497-2528/10000
Encoding texts 2529-2560/10000
Encoding texts 2561-2592/10000
Encoding texts 2593-2624/10000
Encoding texts 2625-2656/10000
Encoding texts 2657-2688/10000
Encoding texts 2689-2720/10000
Encoding texts 2721-2752/10000
Encoding texts 2753-2784/10000
Encoding texts 2785-2816/10000
Encoding texts 2817-2848/10000
Encoding texts 2849-2880/10000
Encoding texts 2881-2912/10000
Encoding texts 2913-2944/10000
Encoding texts 2945-2976/10000
Encoding texts 2977-3008/10000
Encoding texts 3009-3040/10000
Encoding texts 3041-3072/10000
Encoding texts 3073-3104/10000
Encoding texts 3105-3136/10000
Encoding texts 3137-3168/10000
Encoding texts 3169-3200/10000
Encoding texts 3201-3232/10000
Encoding texts 3233-3264/10000
Encoding texts 3265-3296/10000
Encoding texts 3297-3328/10000
Encoding texts 3329-3360/10000
Encoding texts 3361-3392/10000
Encoding texts 3393-3424/10000
Encoding texts 3425-3456/10000
Encoding texts 3457-3488/10000
Encoding texts 3489-3520/10000
Encoding texts 3521-3552/10000
Encoding texts 3553-3584/10000
Encoding texts 3585-3616/10000
Encoding texts 3617-3648/10000
Encoding texts 3649-3680/10000
Encoding texts 3681-3712/10000
Encoding texts 3713-3744/10000
Encoding texts 3745-3776/10000
Encoding texts 3777-3808/10000
Encoding texts 3809-3840/10000
Encoding texts 3841-3872/10000
Encoding texts 3873-3904/10000
Encoding texts 3905-3936/10000
Encoding texts 3937-3968/10000
Encoding texts 3969-4000/10000
Encoding texts 4001-4032/10000
Encoding texts 4033-4064/10000
Encoding texts 4065-4096/10000
Encoding texts 4097-4128/10000
Encoding texts 4129-4160/10000
Encoding texts 4161-4192/10000
Encoding texts 4193-4224/10000
Encoding texts 4225-4256/10000
Encoding texts 4257-4288/10000
Encoding texts 4289-4320/10000
Encoding texts 4321-4352/10000
Encoding texts 4353-4384/10000
Encoding texts 4385-4416/10000
Encoding texts 4417-4448/10000
Encoding texts 4449-4480/10000
Encoding texts 4481-4512/10000
Encoding texts 4513-4544/10000
Encoding texts 4545-4576/10000
Encoding texts 4577-4608/10000
Encoding texts 4609-4640/10000
Encoding texts 4641-4672/10000
Encoding texts 4673-4704/10000
Encoding texts 4705-4736/10000
Encoding texts 4737-4768/10000
Encoding texts 4769-4800/10000
Encoding texts 4801-4832/10000
Encoding texts 4833-4864/10000
Encoding texts 4865-4896/10000
Encoding texts 4897-4928/10000
Encoding texts 4929-4960/10000
Encoding texts 4961-4992/10000
Encoding texts 4993-5024/10000
Encoding texts 5025-5056/10000
Encoding texts 5057-5088/10000
Encoding texts 5089-5120/10000
Encoding texts 5121-5152/10000
Encoding texts 5153-5184/10000
Encoding texts 5185-5216/10000
Encoding texts 5217-5248/10000
Encoding texts 5249-5280/10000
Encoding texts 5281-5312/10000
Encoding texts 5313-5344/10000
Encoding texts 5345-5376/10000
Encoding texts 5377-5408/10000
Encoding texts 5409-5440/10000
Encoding texts 5441-5472/10000
Encoding texts 5473-5504/10000
Encoding texts 5505-5536/10000
Encoding texts 5537-5568/10000
Encoding texts 5569-5600/10000
Encoding texts 5601-5632/10000
Encoding texts 5633-5664/10000
Encoding texts 5665-5696/10000
Encoding texts 5697-5728/10000
Encoding texts 5729-5760/10000
Encoding texts 5761-5792/10000
Encoding texts 5793-5824/10000
Encoding texts 5825-5856/10000
Encoding texts 5857-5888/10000
Encoding texts 5889-5920/10000
Encoding texts 5921-5952/10000
Encoding texts 5953-5984/10000
Encoding texts 5985-6016/10000
Encoding texts 6017-6048/10000
Encoding texts 6049-6080/10000
Encoding texts 6081-6112/10000
Encoding texts 6113-6144/10000
Encoding texts 6145-6176/10000
Encoding texts 6177-6208/10000
Encoding texts 6209-6240/10000
Encoding texts 6241-6272/10000
Encoding texts 6273-6304/10000
Encoding texts 6305-6336/10000
Encoding texts 6337-6368/10000
Encoding texts 6369-6400/10000
Encoding texts 6401-6432/10000
Encoding texts 6433-6464/10000
Encoding texts 6465-6496/10000
Encoding texts 6497-6528/10000
Encoding texts 6529-6560/10000
Encoding texts 6561-6592/10000
Encoding texts 6593-6624/10000
Encoding texts 6625-6656/10000
Encoding texts 6657-6688/10000
Encoding texts 6689-6720/10000
Encoding texts 6721-6752/10000
Encoding texts 6753-6784/10000
Encoding texts 6785-6816/10000
Encoding texts 6817-6848/10000
Encoding texts 6849-6880/10000
Encoding texts 6881-6912/10000
Encoding texts 6913-6944/10000
Encoding texts 6945-6976/10000
Encoding texts 6977-7008/10000
Encoding texts 7009-7040/10000
Encoding texts 7041-7072/10000
Encoding texts 7073-7104/10000
Encoding texts 7105-7136/10000
Encoding texts 7137-7168/10000
Encoding texts 7169-7200/10000
Encoding texts 7201-7232/10000
Encoding texts 7233-7264/10000
Encoding texts 7265-7296/10000
Encoding texts 7297-7328/10000
Encoding texts 7329-7360/10000
Encoding texts 7361-7392/10000
Encoding texts 7393-7424/10000
Encoding texts 7425-7456/10000
Encoding texts 7457-7488/10000
Encoding texts 7489-7520/10000
Encoding texts 7521-7552/10000
Encoding texts 7553-7584/10000
Encoding texts 7585-7616/10000
Encoding texts 7617-7648/10000
Encoding texts 7649-7680/10000
Encoding texts 7681-7712/10000
Encoding texts 7713-7744/10000
Encoding texts 7745-7776/10000
Encoding texts 7777-7808/10000
Encoding texts 7809-7840/10000
Encoding texts 7841-7872/10000
Encoding texts 7873-7904/10000
Encoding texts 7905-7936/10000
Encoding texts 7937-7968/10000
Encoding texts 7969-8000/10000
Encoding texts 8001-8032/10000
Encoding texts 8033-8064/10000
Encoding texts 8065-8096/10000
Encoding texts 8097-8128/10000
Encoding texts 8129-8160/10000
Encoding texts 8161-8192/10000
Encoding texts 8193-8224/10000
Encoding texts 8225-8256/10000
Encoding texts 8257-8288/10000
Encoding texts 8289-8320/10000
Encoding texts 8321-8352/10000
Encoding texts 8353-8384/10000
Encoding texts 8385-8416/10000
Encoding texts 8417-8448/10000
Encoding texts 8449-8480/10000
Encoding texts 8481-8512/10000
Encoding texts 8513-8544/10000
Encoding texts 8545-8576/10000
Encoding texts 8577-8608/10000
Encoding texts 8609-8640/10000
Encoding texts 8641-8672/10000
Encoding texts 8673-8704/10000
Encoding texts 8705-8736/10000
Encoding texts 8737-8768/10000
Encoding texts 8769-8800/10000
Encoding texts 8801-8832/10000
Encoding texts 8833-8864/10000
Encoding texts 8865-8896/10000
Encoding texts 8897-8928/10000
Encoding texts 8929-8960/10000
Encoding texts 8961-8992/10000
Encoding texts 8993-9024/10000
Encoding texts 9025-9056/10000
Encoding texts 9057-9088/10000
Encoding texts 9089-9120/10000
Encoding texts 9121-9152/10000
Encoding texts 9153-9184/10000
Encoding texts 9185-9216/10000
Encoding texts 9217-9248/10000
Encoding texts 9249-9280/10000
Encoding texts 9281-9312/10000
Encoding texts 9313-9344/10000
Encoding texts 9345-9376/10000
Encoding texts 9377-9408/10000
Encoding texts 9409-9440/10000
Encoding texts 9441-9472/10000
Encoding texts 9473-9504/10000
Encoding texts 9505-9536/10000
Encoding texts 9537-9568/10000
Encoding texts 9569-9600/10000
Encoding texts 9601-9632/10000
Encoding texts 9633-9664/10000
Encoding texts 9665-9696/10000
Encoding texts 9697-9728/10000
Encoding texts 9729-9760/10000
Encoding texts 9761-9792/10000
Encoding texts 9793-9824/10000
Encoding texts 9825-9856/10000
Encoding texts 9857-9888/10000
Encoding texts 9889-9920/10000
Encoding texts 9921-9952/10000
Encoding texts 9953-9984/10000
Encoding texts 9985-10000/10000
Computed similarity matrix
{
  "metrics": {
    "image_to_text_r1": 0.7255,
    "image_to_text_r5": 0.9225,
    "image_to_text_r10": 0.9635,
    "text_to_image_r1": 0.5106,
    "text_to_image_r5": 0.7841,
    "text_to_image_r10": 0.8616
  },
  "num_images": 2000,
  "num_captions": 10000,
  "output_dir": "outputs\\rerank_caption_prior_2000",
  "num_failures": 4894
}
